C51 COMPILER V9.56.0.0   UART                                                              03/13/2018 00:23:06 PAGE 1   


C51 COMPILER V9.56.0.0, COMPILATION OF MODULE UART
OBJECT MODULE PLACED IN .\Objects\uart.obj
COMPILER INVOKED BY: D:\Software\Keil\C51\BIN\C51.EXE uart.c OPTIMIZE(8,SPEED) BROWSE DEBUG OBJECTEXTEND PRINT(.\Listing
                    -s\uart.lst) TABS(2) OBJECT(.\Objects\uart.obj)

line level    source

   1          #include "uart.h"
   2          
   3          void init_uart(void)
   4          {
   5   1        TMOD=0x21;        
   6   1        TH1=0xfd;       
   7   1        TL1=0xfd;   
   8   1          
   9   1        SCON=0x50;
  10   1        PS=1;      //串口中断设为高优先级别
  11   1        TR0=1;     //启动定时器     
  12   1        TR1=1;
  13   1        ET0=1;     //打开定时器0中断      
  14   1        ES=1; 
  15   1        EA=1;
  16   1      }
  17          void  SeriPushSend(unsigned char send_data)
  18          {
  19   1          SBUF=send_data;  
  20   1        while(!TI);TI=0;    
  21   1      }
  22          


MODULE INFORMATION:   STATIC OVERLAYABLE
   CODE SIZE        =     33    ----
   CONSTANT SIZE    =   ----    ----
   XDATA SIZE       =   ----    ----
   PDATA SIZE       =   ----    ----
   DATA SIZE        =   ----    ----
   IDATA SIZE       =   ----    ----
   BIT SIZE         =   ----    ----
END OF MODULE INFORMATION.


C51 COMPILATION COMPLETE.  0 WARNING(S),  0 ERROR(S)
